<?xml version="1.0" encoding="utf-8"?><testsuites name="pytest tests"><testsuite name="pytest" errors="0" failures="0" skipped="0" tests="2" time="0.633" timestamp="2025-09-15T14:35:07.711678+05:30" hostname="DESKTOP-38PPN22"><testcase classname="tests.test_payment" name="test_health_ok" time="0.027" /><testcase classname="tests.test_payment" name="test_payment_and_settlement_flow" time="0.070" /></testsuite></testsuites>